<testsuites id="" name="" tests="1" failures="0" skipped="0" errors="0" time="13.694288">
<testsuite name="Checkboxes.spec.js" timestamp="2024-05-07T01:27:19.346Z" hostname="chromium" tests="1" failures="0" skipped="0" time="13.198" errors="0">
<testcase name="Checkboxes" classname="Checkboxes.spec.js" time="13.198">
</testcase>
</testsuite>
</testsuites>